// Vitest Snapshot v1, https://vitest.dev/guide/snapshot.html

exports[`SignInView (snapshot) > renders correctly (snapshot) 1`] = `
"<div class="w-full h-full flex items-center justify-center py-12">
  <div class="mx-auto grid w-87.5 gap-6">
    <div class="grid gap-2 text-center">
      <h1 class="text-3xl font-bold">sign-in:header</h1>
      <p class="text-balance text-muted-foreground">sign-in:description</p>
    </div>
    <div class="grid gap-4">
      <div class="grid gap-2"><label for="email">sign-in:email</label><input id="email" type="email" placeholder="m@example.com" required=""></div>
      <div class="grid gap-2">
        <div class="flex items-center"><label for="password">sign-in:password</label><a href="/reset-password" class="ml-auto inline-block text-sm underline text-muted-foreground hover:text-primary">sign-in:password-reset</a></div><input id="password" type="password" required="">
      </div><button type="submit" class="w-full">sign-in:cta</button>
    </div>
    <hr class="mt-2" label="sign-in:no-account" orientation="horizontal"><button variant="link"><a href="/sign-up">sign-in:sign-up</a></button>
  </div>
</div>"
`;
