// Vitest Snapshot v1, https://vitest.dev/guide/snapshot.html

exports[`LanguageSwitcher (snapshot) > renders correctly (snapshot) 1`] = `
"<div data-testid="language-switcher" data-selected-locale="en-US"><button class="w-fit h-fit"><span data-testid="languages-icon" size="16"></span></button>
  <div>
    <div data-testid="select-item">language:en-US</div>
    <div data-testid="select-item">language:ru-RU</div>
  </div>
</div>"
`;
